[2026-06-13T11:51:15.915Z] GET http://localhost:8091/ → 200 (11ms, 2578B)
[2026-06-13T11:51:15.935Z] GET https://fonts.googleapis.com/css2?family=Syne:wght@600;700;800&family=Space+Grotesk:wght@400;500;600;700&family=JetBrains+Mono:wght@400;500;700&family=Plus+Jakarta+Sans:wght@400;500;600;700;800&family=Libre+Baskerville:ital,wght@0,400;0,700;1,400&family=Inter:wght@400;500;600&family=Fraunces:ital,opsz,wght@0,9..144,400..700;1,9..144,400..600&display=swap → 200 (178ms, 2234B)
[2026-06-13T11:51:15.935Z] GET http://localhost:8091/styles/base.css?v=20260611-hd-feast-v1 → 200 (3ms, 87249B)
[2026-06-13T11:51:15.935Z] GET http://localhost:8091/styles/gateway.css?v=20260612-gate-audit-v2 → 200 (6ms, 17598B)
[2026-06-13T11:51:15.935Z] GET http://localhost:8091/styles/neo.css?v=20260613-vertex-port-v1 → 200 (3ms, 61212B)
[2026-06-13T11:51:15.935Z] GET http://localhost:8091/styles/trust.css?v=20260613-audit-v2 → 200 (7ms, 178594B)
[2026-06-13T11:51:15.935Z] GET http://localhost:8091/styles/neo-guide.css?v=20260602-neo-guide-author-genz-2 → 200 (7ms, 17973B)
[2026-06-13T11:51:15.935Z] GET https://unpkg.com/react@18.3.1/umd/react.development.js → 200 (280ms, 28822B)
[2026-06-13T11:51:15.935Z] GET https://unpkg.com/react-dom@18.3.1/umd/react-dom.development.js → 200 (529ms, 233353B)
[2026-06-13T11:51:15.935Z] GET https://unpkg.com/@babel/standalone@7.29.0/babel.min.js → pending (?ms, ?B)
[2026-06-13T11:51:15.935Z] GET https://cdn.jsdelivr.net/npm/gsap@3.12.5/dist/gsap.min.js → 200 (187ms, 29905B)
[2026-06-13T11:51:15.935Z] GET https://cdn.jsdelivr.net/npm/gsap@3.12.5/dist/ScrollTrigger.min.js → 200 (186ms, 18402B)
[2026-06-13T11:51:15.936Z] GET https://cdnjs.cloudflare.com/ajax/libs/three.js/r128/three.min.js → 200 (258ms, 121636B)
[2026-06-13T11:51:15.936Z] GET http://localhost:8091/src/data.js?v=20260610-audit-fixes-v1 → 200 (6ms, 42886B)
[2026-06-13T11:51:17.135Z] GET http://localhost:8091/src/shared.jsx?v=20260608-trust-enterprise-v5 → 200 (35ms, 4170B)
[2026-06-13T11:51:17.135Z] GET http://localhost:8091/src/neo.jsx?v=20260613-vertex-port-v4 → 200 (295ms, 214292B)
[2026-06-13T11:51:17.135Z] GET http://localhost:8091/src/trust.jsx?v=20260613-audit-v2 → 200 (419ms, 101819B)
[2026-06-13T11:51:17.135Z] GET http://localhost:8091/src/app.jsx?v=20260608-trust-enterprise-v5 → 200 (295ms, 608B)
[2026-06-13T11:51:17.630Z] GET https://fonts.gstatic.com/s/inter/v20/UcC73FwrK3iLTeHuS_nVMrMxCp50SjIa1ZL7W0Q5nw.woff2 → 200 (181ms, 48983B)
[2026-06-13T11:51:17.631Z] GET https://fonts.gstatic.com/s/fraunces/v38/6NU78FyLNQOQZAnv9bYEvDiIdE9Ea92uemAk_WBq8U_9v0c2Wa0KxC9TeP2Xz5c.woff2 → pending (?ms, ?B)
[2026-06-13T11:51:17.631Z] GET https://fonts.gstatic.com/s/fraunces/v38/6NU58FyLNQOQZAnv9ZwNjucMHVn85Ni7emAe9lKqZTnbB-gzTK0K1ChjeveQ7ZXk8g.woff2 → pending (?ms, ?B)
[2026-06-13T11:51:19.195Z] GET http://localhost:8091/ → 200 (1ms, ?B)
[2026-06-13T11:51:19.199Z] GET https://fonts.googleapis.com/css2?family=Syne:wght@600;700;800&family=Space+Grotesk:wght@400;500;600;700&family=JetBrains+Mono:wght@400;500;700&family=Plus+Jakarta+Sans:wght@400;500;600;700;800&family=Libre+Baskerville:ital,wght@0,400;0,700;1,400&family=Inter:wght@400;500;600&family=Fraunces:ital,opsz,wght@0,9..144,400..700;1,9..144,400..600&display=swap → 200 (?ms, -743B)
[2026-06-13T11:51:19.199Z] GET http://localhost:8091/styles/base.css?v=20260611-hd-feast-v1 → 200 (?ms, -186B)
[2026-06-13T11:51:19.200Z] GET http://localhost:8091/styles/gateway.css?v=20260612-gate-audit-v2 → 200 (?ms, -186B)
[2026-06-13T11:51:19.200Z] GET http://localhost:8091/styles/neo.css?v=20260613-vertex-port-v1 → 200 (?ms, -186B)
[2026-06-13T11:51:19.200Z] GET http://localhost:8091/styles/trust.css?v=20260613-audit-v2 → 304 (2ms, ?B)
[2026-06-13T11:51:19.200Z] GET http://localhost:8091/styles/neo-guide.css?v=20260602-neo-guide-author-genz-2 → 200 (?ms, -186B)
[2026-06-13T11:51:19.200Z] GET https://unpkg.com/react@18.3.1/umd/react.development.js → 200 (?ms, -836B)
[2026-06-13T11:51:19.200Z] GET https://unpkg.com/react-dom@18.3.1/umd/react-dom.development.js → 200 (?ms, -836B)
[2026-06-13T11:51:19.200Z] GET https://unpkg.com/@babel/standalone@7.29.0/babel.min.js → 200 (1ms, -836B)
[2026-06-13T11:51:19.201Z] GET https://cdn.jsdelivr.net/npm/gsap@3.12.5/dist/gsap.min.js → 200 (?ms, -1155B)
[2026-06-13T11:51:19.201Z] GET https://cdn.jsdelivr.net/npm/gsap@3.12.5/dist/ScrollTrigger.min.js → 200 (?ms, -1146B)
[2026-06-13T11:51:19.201Z] GET https://cdnjs.cloudflare.com/ajax/libs/three.js/r128/three.min.js → 200 (1ms, -957B)
[2026-06-13T11:51:19.202Z] GET http://localhost:8091/src/data.js?v=20260610-audit-fixes-v1 → 200 (?ms, -193B)
[2026-06-13T11:51:19.223Z] GET https://fonts.gstatic.com/s/fraunces/v38/6NU58FyLNQOQZAnv9ZwNjucMHVn85Ni7emAe9lKqZTnbB-gzTK0K1ChjeveQ7ZXk8g.woff2 → 200 (?ms, -815B)
[2026-06-13T11:51:19.224Z] GET https://fonts.gstatic.com/s/fraunces/v38/6NU78FyLNQOQZAnv9bYEvDiIdE9Ea92uemAk_WBq8U_9v0c2Wa0KxC9TeP2Xz5c.woff2 → 200 (?ms, -815B)
[2026-06-13T11:51:19.224Z] GET https://fonts.gstatic.com/s/inter/v20/UcC73FwrK3iLTeHuS_nVMrMxCp50SjIa1ZL7W0Q5nw.woff2 → 200 (?ms, -815B)
[2026-06-13T11:51:19.230Z] GET http://localhost:8091/src/shared.jsx?v=20260608-trust-enterprise-v5 → 200 (?ms, -201B)
[2026-06-13T11:51:19.230Z] GET http://localhost:8091/src/neo.jsx?v=20260613-vertex-port-v4 → 200 (?ms, -203B)
[2026-06-13T11:51:19.230Z] GET http://localhost:8091/src/trust.jsx?v=20260613-audit-v2 → 200 (20ms, -203B)
[2026-06-13T11:51:19.230Z] GET http://localhost:8091/src/app.jsx?v=20260608-trust-enterprise-v5 → 200 (21ms, -200B)
[2026-06-13T11:53:38.122Z] GET http://localhost:8091/ → 200 (2ms, 2578B)
[2026-06-13T11:53:38.128Z] GET https://fonts.googleapis.com/css2?family=Syne:wght@600;700;800&family=Space+Grotesk:wght@400;500;600;700&family=JetBrains+Mono:wght@400;500;700&family=Plus+Jakarta+Sans:wght@400;500;600;700;800&family=Libre+Baskerville:ital,wght@0,400;0,700;1,400&family=Inter:wght@400;500;600&family=Fraunces:ital,opsz,wght@0,9..144,400..700;1,9..144,400..600&display=swap → 200 (?ms, -743B)
[2026-06-13T11:53:38.128Z] GET http://localhost:8091/styles/base.css?v=20260611-hd-feast-v1 → 200 (?ms, -186B)
[2026-06-13T11:53:38.129Z] GET http://localhost:8091/styles/gateway.css?v=20260612-gate-audit-v3 → 200 (2ms, 17598B)
[2026-06-13T11:53:38.129Z] GET http://localhost:8091/styles/neo.css?v=20260613-vertex-port-v1 → 200 (?ms, -186B)
[2026-06-13T11:53:38.129Z] GET http://localhost:8091/styles/trust.css?v=20260613-audit-v3 → 200 (2ms, 178647B)
[2026-06-13T11:53:38.129Z] GET http://localhost:8091/styles/neo-guide.css?v=20260602-neo-guide-author-genz-2 → 200 (?ms, -186B)
[2026-06-13T11:53:38.129Z] GET https://unpkg.com/react@18.3.1/umd/react.development.js → 200 (?ms, -836B)
[2026-06-13T11:53:38.129Z] GET https://unpkg.com/react-dom@18.3.1/umd/react-dom.development.js → 200 (?ms, -836B)
[2026-06-13T11:53:38.129Z] GET https://unpkg.com/@babel/standalone@7.29.0/babel.min.js → 200 (?ms, -836B)
[2026-06-13T11:53:38.130Z] GET https://cdn.jsdelivr.net/npm/gsap@3.12.5/dist/gsap.min.js → 200 (?ms, -1155B)
[2026-06-13T11:53:38.130Z] GET https://cdn.jsdelivr.net/npm/gsap@3.12.5/dist/ScrollTrigger.min.js → 200 (?ms, -1146B)
[2026-06-13T11:53:38.130Z] GET https://cdnjs.cloudflare.com/ajax/libs/three.js/r128/three.min.js → 200 (?ms, -957B)
[2026-06-13T11:53:38.130Z] GET http://localhost:8091/src/data.js?v=20260610-audit-fixes-v1 → 200 (?ms, -193B)
[2026-06-13T11:53:38.146Z] GET https://fonts.gstatic.com/s/fraunces/v38/6NU58FyLNQOQZAnv9ZwNjucMHVn85Ni7emAe9lKqZTnbB-gzTK0K1ChjeveQ7ZXk8g.woff2 → 200 (1ms, -815B)
[2026-06-13T11:53:38.147Z] GET https://fonts.gstatic.com/s/fraunces/v38/6NU78FyLNQOQZAnv9bYEvDiIdE9Ea92uemAk_WBq8U_9v0c2Wa0KxC9TeP2Xz5c.woff2 → 200 (?ms, -815B)
[2026-06-13T11:53:38.147Z] GET https://fonts.gstatic.com/s/inter/v20/UcC73FwrK3iLTeHuS_nVMrMxCp50SjIa1ZL7W0Q5nw.woff2 → 200 (?ms, -815B)
[2026-06-13T11:53:38.150Z] GET http://localhost:8091/src/shared.jsx?v=20260608-trust-enterprise-v5 → 200 (?ms, -201B)
[2026-06-13T11:53:38.150Z] GET http://localhost:8091/src/neo.jsx?v=20260613-vertex-port-v4 → 200 (?ms, -203B)
[2026-06-13T11:53:38.150Z] GET http://localhost:8091/src/trust.jsx?v=20260613-audit-v3 → 200 (388ms, 101819B)
[2026-06-13T11:53:38.150Z] GET http://localhost:8091/src/app.jsx?v=20260608-trust-enterprise-v5 → 200 (21ms, -200B)
[2026-06-13T11:54:45.361Z] GET https://fonts.gstatic.com/s/jetbrainsmono/v24/tDbv2o-flEEny0FZhsfKu5WU4zr3E_BX0PnT8RD8yKwBNntkaToggR7BYRbKPxDcwgknk-4.woff2 → 200 (103ms, 31369B)
[2026-06-13T11:54:47.386Z] GET http://localhost:8091/ → 200 (1ms, ?B)
[2026-06-13T11:54:47.390Z] GET https://fonts.googleapis.com/css2?family=Syne:wght@600;700;800&family=Space+Grotesk:wght@400;500;600;700&family=JetBrains+Mono:wght@400;500;700&family=Plus+Jakarta+Sans:wght@400;500;600;700;800&family=Libre+Baskerville:ital,wght@0,400;0,700;1,400&family=Inter:wght@400;500;600&family=Fraunces:ital,opsz,wght@0,9..144,400..700;1,9..144,400..600&display=swap → 200 (?ms, -743B)
[2026-06-13T11:54:47.391Z] GET http://localhost:8091/styles/base.css?v=20260611-hd-feast-v1 → 200 (?ms, -186B)
[2026-06-13T11:54:47.391Z] GET http://localhost:8091/styles/gateway.css?v=20260612-gate-audit-v3 → 200 (?ms, -186B)
[2026-06-13T11:54:47.391Z] GET http://localhost:8091/styles/neo.css?v=20260613-vertex-port-v1 → 200 (?ms, -186B)
[2026-06-13T11:54:47.391Z] GET http://localhost:8091/styles/trust.css?v=20260613-audit-v3 → 304 (2ms, ?B)
[2026-06-13T11:54:47.391Z] GET http://localhost:8091/styles/neo-guide.css?v=20260602-neo-guide-author-genz-2 → 200 (?ms, -186B)
[2026-06-13T11:54:47.391Z] GET https://unpkg.com/react@18.3.1/umd/react.development.js → 200 (?ms, -836B)
[2026-06-13T11:54:47.391Z] GET https://unpkg.com/react-dom@18.3.1/umd/react-dom.development.js → 200 (1ms, -836B)
[2026-06-13T11:54:47.392Z] GET https://unpkg.com/@babel/standalone@7.29.0/babel.min.js → 200 (?ms, -836B)
[2026-06-13T11:54:47.392Z] GET https://cdn.jsdelivr.net/npm/gsap@3.12.5/dist/gsap.min.js → 200 (?ms, -1155B)
[2026-06-13T11:54:47.392Z] GET https://cdn.jsdelivr.net/npm/gsap@3.12.5/dist/ScrollTrigger.min.js → 200 (?ms, -1146B)
[2026-06-13T11:54:47.393Z] GET https://cdnjs.cloudflare.com/ajax/libs/three.js/r128/three.min.js → 200 (?ms, -957B)
[2026-06-13T11:54:47.393Z] GET http://localhost:8091/src/data.js?v=20260610-audit-fixes-v1 → 200 (?ms, -193B)
[2026-06-13T11:54:47.407Z] GET https://fonts.gstatic.com/s/fraunces/v38/6NU58FyLNQOQZAnv9ZwNjucMHVn85Ni7emAe9lKqZTnbB-gzTK0K1ChjeveQ7ZXk8g.woff2 → 200 (?ms, -815B)
[2026-06-13T11:54:47.407Z] GET https://fonts.gstatic.com/s/fraunces/v38/6NU78FyLNQOQZAnv9bYEvDiIdE9Ea92uemAk_WBq8U_9v0c2Wa0KxC9TeP2Xz5c.woff2 → 200 (?ms, -815B)
[2026-06-13T11:54:47.407Z] GET https://fonts.gstatic.com/s/inter/v20/UcC73FwrK3iLTeHuS_nVMrMxCp50SjIa1ZL7W0Q5nw.woff2 → 200 (?ms, -815B)
[2026-06-13T11:54:47.407Z] GET https://fonts.gstatic.com/s/jetbrainsmono/v24/tDbv2o-flEEny0FZhsfKu5WU4zr3E_BX0PnT8RD8yKwBNntkaToggR7BYRbKPxDcwgknk-4.woff2 → 200 (?ms, -814B)
[2026-06-13T11:54:47.410Z] GET http://localhost:8091/src/shared.jsx?v=20260608-trust-enterprise-v5 → 200 (21ms, -201B)
[2026-06-13T11:54:47.410Z] GET http://localhost:8091/src/neo.jsx?v=20260613-vertex-port-v4 → 200 (273ms, -203B)
[2026-06-13T11:54:47.410Z] GET http://localhost:8091/src/trust.jsx?v=20260613-audit-v3 → 200 (379ms, -203B)
[2026-06-13T11:54:47.411Z] GET http://localhost:8091/src/app.jsx?v=20260608-trust-enterprise-v5 → 200 (385ms, -200B)
[2026-06-13T11:58:05.837Z] GET http://localhost:8091/ → 200 (2ms, ?B)
[2026-06-13T11:58:05.844Z] GET https://fonts.googleapis.com/css2?family=Syne:wght@600;700;800&family=Space+Grotesk:wght@400;500;600;700&family=JetBrains+Mono:wght@400;500;700&family=Plus+Jakarta+Sans:wght@400;500;600;700;800&family=Libre+Baskerville:ital,wght@0,400;0,700;1,400&family=Inter:wght@400;500;600&family=Fraunces:ital,opsz,wght@0,9..144,400..700;1,9..144,400..600&display=swap → 200 (?ms, -743B)
[2026-06-13T11:58:05.844Z] GET http://localhost:8091/styles/base.css?v=20260611-hd-feast-v1 → 200 (?ms, -186B)
[2026-06-13T11:58:05.844Z] GET http://localhost:8091/styles/gateway.css?v=20260612-gate-audit-v3 → 200 (?ms, -186B)
[2026-06-13T11:58:05.845Z] GET http://localhost:8091/styles/neo.css?v=20260613-vertex-port-v1 → 200 (?ms, -186B)
[2026-06-13T11:58:05.845Z] GET http://localhost:8091/styles/trust.css?v=20260613-audit-v3 → 200 (4ms, 178365B)
[2026-06-13T11:58:05.845Z] GET http://localhost:8091/styles/neo-guide.css?v=20260602-neo-guide-author-genz-2 → 200 (?ms, -186B)
[2026-06-13T11:58:05.845Z] GET https://unpkg.com/react@18.3.1/umd/react.development.js → 200 (?ms, -836B)
[2026-06-13T11:58:05.846Z] GET https://unpkg.com/react-dom@18.3.1/umd/react-dom.development.js → 200 (?ms, -836B)
[2026-06-13T11:58:05.846Z] GET https://unpkg.com/@babel/standalone@7.29.0/babel.min.js → 200 (?ms, -836B)
[2026-06-13T11:58:05.848Z] GET https://cdn.jsdelivr.net/npm/gsap@3.12.5/dist/gsap.min.js → 200 (?ms, -1155B)
[2026-06-13T11:58:05.848Z] GET https://cdn.jsdelivr.net/npm/gsap@3.12.5/dist/ScrollTrigger.min.js → 200 (?ms, -1146B)
[2026-06-13T11:58:05.848Z] GET https://cdnjs.cloudflare.com/ajax/libs/three.js/r128/three.min.js → 200 (?ms, -957B)
[2026-06-13T11:58:05.848Z] GET http://localhost:8091/src/data.js?v=20260610-audit-fixes-v1 → 200 (?ms, -193B)
[2026-06-13T11:58:05.864Z] GET https://fonts.gstatic.com/s/fraunces/v38/6NU58FyLNQOQZAnv9ZwNjucMHVn85Ni7emAe9lKqZTnbB-gzTK0K1ChjeveQ7ZXk8g.woff2 → 200 (1ms, -815B)
[2026-06-13T11:58:05.865Z] GET https://fonts.gstatic.com/s/fraunces/v38/6NU78FyLNQOQZAnv9bYEvDiIdE9Ea92uemAk_WBq8U_9v0c2Wa0KxC9TeP2Xz5c.woff2 → 200 (?ms, -815B)
[2026-06-13T11:58:05.865Z] GET https://fonts.gstatic.com/s/inter/v20/UcC73FwrK3iLTeHuS_nVMrMxCp50SjIa1ZL7W0Q5nw.woff2 → 200 (?ms, -815B)
[2026-06-13T11:58:05.865Z] GET https://fonts.gstatic.com/s/jetbrainsmono/v24/tDbv2o-flEEny0FZhsfKu5WU4zr3E_BX0PnT8RD8yKwBNntkaToggR7BYRbKPxDcwgknk-4.woff2 → 200 (?ms, -814B)
[2026-06-13T11:58:05.869Z] GET http://localhost:8091/src/shared.jsx?v=20260608-trust-enterprise-v5 → 200 (1ms, -201B)
[2026-06-13T11:58:05.869Z] GET http://localhost:8091/src/neo.jsx?v=20260613-vertex-port-v4 → 200 (1ms, ?B)
[2026-06-13T11:58:05.869Z] GET http://localhost:8091/src/trust.jsx?v=20260613-audit-v3 → 200 (26ms, -203B)
[2026-06-13T11:58:05.869Z] GET http://localhost:8091/src/app.jsx?v=20260608-trust-enterprise-v5 → 200 (26ms, -200B)
[2026-06-13T12:03:05.156Z] GET http://localhost:8091/ → 200 (11ms, 2578B)
[2026-06-13T12:03:05.174Z] GET https://fonts.googleapis.com/css2?family=Syne:wght@600;700;800&family=Space+Grotesk:wght@400;500;600;700&family=JetBrains+Mono:wght@400;500;700&family=Plus+Jakarta+Sans:wght@400;500;600;700;800&family=Libre+Baskerville:ital,wght@0,400;0,700;1,400&family=Inter:wght@400;500;600&family=Fraunces:ital,opsz,wght@0,9..144,400..700;1,9..144,400..600&display=swap → 200 (?ms, -743B)
[2026-06-13T12:03:05.174Z] GET http://localhost:8091/styles/base.css?v=20260611-hd-feast-v1 → 200 (1ms, -186B)
[2026-06-13T12:03:05.175Z] GET http://localhost:8091/styles/gateway.css?v=20260612-gate-audit-v4 → 200 (6ms, 17598B)
[2026-06-13T12:03:05.176Z] GET http://localhost:8091/styles/neo.css?v=20260613-vertex-port-v1 → 200 (?ms, -186B)
[2026-06-13T12:03:05.176Z] GET http://localhost:8091/styles/trust.css?v=20260613-audit-v4 → 200 (5ms, 178805B)
[2026-06-13T12:03:05.176Z] GET http://localhost:8091/styles/neo-guide.css?v=20260602-neo-guide-author-genz-2 → 200 (?ms, -186B)
[2026-06-13T12:03:05.176Z] GET https://unpkg.com/react@18.3.1/umd/react.development.js → 200 (1ms, -836B)
[2026-06-13T12:03:05.177Z] GET https://unpkg.com/react-dom@18.3.1/umd/react-dom.development.js → 200 (1ms, -836B)
[2026-06-13T12:03:05.178Z] GET https://unpkg.com/@babel/standalone@7.29.0/babel.min.js → 200 (?ms, -836B)
[2026-06-13T12:03:05.178Z] GET https://cdn.jsdelivr.net/npm/gsap@3.12.5/dist/gsap.min.js → 200 (?ms, -1155B)
[2026-06-13T12:03:05.178Z] GET https://cdn.jsdelivr.net/npm/gsap@3.12.5/dist/ScrollTrigger.min.js → 200 (1ms, -1146B)
[2026-06-13T12:03:05.179Z] GET https://cdnjs.cloudflare.com/ajax/libs/three.js/r128/three.min.js → 200 (?ms, -957B)
[2026-06-13T12:03:05.179Z] GET http://localhost:8091/src/data.js?v=20260610-audit-fixes-v1 → 200 (?ms, -193B)
[2026-06-13T12:03:05.195Z] GET https://fonts.gstatic.com/s/fraunces/v38/6NU58FyLNQOQZAnv9ZwNjucMHVn85Ni7emAe9lKqZTnbB-gzTK0K1ChjeveQ7ZXk8g.woff2 → 200 (?ms, -815B)
[2026-06-13T12:03:05.195Z] GET https://fonts.gstatic.com/s/fraunces/v38/6NU78FyLNQOQZAnv9bYEvDiIdE9Ea92uemAk_WBq8U_9v0c2Wa0KxC9TeP2Xz5c.woff2 → 200 (?ms, -815B)
[2026-06-13T12:03:05.195Z] GET https://fonts.gstatic.com/s/inter/v20/UcC73FwrK3iLTeHuS_nVMrMxCp50SjIa1ZL7W0Q5nw.woff2 → 200 (?ms, -815B)
[2026-06-13T12:03:05.195Z] GET https://fonts.gstatic.com/s/jetbrainsmono/v24/tDbv2o-flEEny0FZhsfKu5WU4zr3E_BX0PnT8RD8yKwBNntkaToggR7BYRbKPxDcwgknk-4.woff2 → 200 (?ms, -814B)
[2026-06-13T12:03:05.199Z] GET http://localhost:8091/src/shared.jsx?v=20260608-trust-enterprise-v5 → 200 (?ms, -201B)
[2026-06-13T12:03:05.199Z] GET http://localhost:8091/src/neo.jsx?v=20260613-vertex-port-v4 → 200 (1ms, ?B)
[2026-06-13T12:03:05.199Z] GET http://localhost:8091/src/trust.jsx?v=20260613-audit-v4 → pending (?ms, ?B)
[2026-06-13T12:03:05.199Z] GET http://localhost:8091/src/app.jsx?v=20260608-trust-enterprise-v5 → 200 (26ms, -200B)
[2026-06-13T12:03:43.040Z] GET http://localhost:8091/ → 200 (1ms, ?B)
[2026-06-13T12:03:43.045Z] GET https://fonts.googleapis.com/css2?family=Syne:wght@600;700;800&family=Space+Grotesk:wght@400;500;600;700&family=JetBrains+Mono:wght@400;500;700&family=Plus+Jakarta+Sans:wght@400;500;600;700;800&family=Libre+Baskerville:ital,wght@0,400;0,700;1,400&family=Inter:wght@400;500;600&family=Fraunces:ital,opsz,wght@0,9..144,400..700;1,9..144,400..600&display=swap → 200 (?ms, -743B)
[2026-06-13T12:03:43.045Z] GET http://localhost:8091/styles/base.css?v=20260611-hd-feast-v1 → 200 (?ms, -186B)
[2026-06-13T12:03:43.045Z] GET http://localhost:8091/styles/gateway.css?v=20260612-gate-audit-v4 → 200 (?ms, -186B)
[2026-06-13T12:03:43.045Z] GET http://localhost:8091/styles/neo.css?v=20260613-vertex-port-v1 → 200 (?ms, -186B)
[2026-06-13T12:03:43.045Z] GET http://localhost:8091/styles/trust.css?v=20260613-audit-v4 → 304 (2ms, ?B)
[2026-06-13T12:03:43.045Z] GET http://localhost:8091/styles/neo-guide.css?v=20260602-neo-guide-author-genz-2 → 200 (?ms, -186B)
[2026-06-13T12:03:43.045Z] GET https://unpkg.com/react@18.3.1/umd/react.development.js → 200 (1ms, -836B)
[2026-06-13T12:03:43.046Z] GET https://unpkg.com/react-dom@18.3.1/umd/react-dom.development.js → 200 (?ms, -836B)
[2026-06-13T12:03:43.046Z] GET https://unpkg.com/@babel/standalone@7.29.0/babel.min.js → 200 (?ms, -836B)
[2026-06-13T12:03:43.046Z] GET https://cdn.jsdelivr.net/npm/gsap@3.12.5/dist/gsap.min.js → 200 (?ms, -1155B)
[2026-06-13T12:03:43.046Z] GET https://cdn.jsdelivr.net/npm/gsap@3.12.5/dist/ScrollTrigger.min.js → 200 (?ms, -1146B)
[2026-06-13T12:03:43.047Z] GET https://cdnjs.cloudflare.com/ajax/libs/three.js/r128/three.min.js → 200 (?ms, -957B)
[2026-06-13T12:03:43.047Z] GET http://localhost:8091/src/data.js?v=20260610-audit-fixes-v1 → 200 (?ms, -193B)
[2026-06-13T12:03:43.062Z] GET https://fonts.gstatic.com/s/fraunces/v38/6NU58FyLNQOQZAnv9ZwNjucMHVn85Ni7emAe9lKqZTnbB-gzTK0K1ChjeveQ7ZXk8g.woff2 → 200 (?ms, -815B)
[2026-06-13T12:03:43.062Z] GET https://fonts.gstatic.com/s/fraunces/v38/6NU78FyLNQOQZAnv9bYEvDiIdE9Ea92uemAk_WBq8U_9v0c2Wa0KxC9TeP2Xz5c.woff2 → 200 (?ms, -815B)
[2026-06-13T12:03:43.062Z] GET https://fonts.gstatic.com/s/inter/v20/UcC73FwrK3iLTeHuS_nVMrMxCp50SjIa1ZL7W0Q5nw.woff2 → 200 (1ms, -815B)
[2026-06-13T12:03:43.063Z] GET https://fonts.gstatic.com/s/jetbrainsmono/v24/tDbv2o-flEEny0FZhsfKu5WU4zr3E_BX0PnT8RD8yKwBNntkaToggR7BYRbKPxDcwgknk-4.woff2 → 200 (?ms, -814B)
[2026-06-13T12:03:43.067Z] GET http://localhost:8091/src/shared.jsx?v=20260608-trust-enterprise-v5 → 200 (?ms, -201B)
[2026-06-13T12:03:43.067Z] GET http://localhost:8091/src/neo.jsx?v=20260613-vertex-port-v4 → 200 (?ms, ?B)
[2026-06-13T12:03:43.067Z] GET http://localhost:8091/src/trust.jsx?v=20260613-audit-v4 → 200 (21ms, -203B)
[2026-06-13T12:03:43.067Z] GET http://localhost:8091/src/app.jsx?v=20260608-trust-enterprise-v5 → 200 (21ms, -200B)
